Component: Arm Compiler for Embedded 6.24 Tool: armlink [5f371500]

==============================================================================

Section Cross References

    exercise_4.o(RESET) refers to exercise_4.o(STACK) for __initial_sp
    exercise_4.o(RESET) refers to exercise_4.o(.text) for Reset_Handler


==============================================================================

Removing Unused input sections from the image.

    Removing exercise_4.o(HEAP), (512 bytes).

1 unused section(s) (total 512 bytes) removed from the image.

==============================================================================

Image Symbol Table

    Local Symbols

    Symbol Name                              Value     Ov Type        Size  Object(Section)

    Source\exercise_4.s                      0x00000000   Number         0  exercise_4.o ABSOLUTE
    RESET                                    0x00000000   Section      204  exercise_4.o(RESET)
    .text                                    0x000000cc   Section       72  exercise_4.o(.text)
    stop                                     0x000000f5   Thumb Code     2  exercise_4.o(.text)
    .ARM.__at_0x02FC                         0x000002fc   Section        4  exercise_4.o(.ARM.__at_0x02FC)
    STACK                                    0x10000000   Section      512  exercise_4.o(STACK)

    Global Symbols

    Symbol Name                              Value     Ov Type        Size  Object(Section)

    BuildAttributes$$THM_ISAv4$P$D$K$B$S$PE$A:L22UL41UL21$X:L11$S22US41US21$IEEE1$~IW$USESV6$~STKCKD$USESV7$~SHL$OSPACE$EBA8$STANDARDLIB$PRES8$EABIv2 0x00000000   Number         0  anon$$obj.o ABSOLUTE
    __Vectors                                0x00000000   Data           4  exercise_4.o(RESET)
    Reset_Handler                            0x000000cd   Thumb Code    42  exercise_4.o(.text)
    NMI_Handler                              0x000000f7   Thumb Code     2  exercise_4.o(.text)
    HardFault_Handler                        0x000000f9   Thumb Code     8  exercise_4.o(.text)
    MemManage_Handler                        0x00000101   Thumb Code     2  exercise_4.o(.text)
    BusFault_Handler                         0x00000103   Thumb Code     2  exercise_4.o(.text)
    UsageFault_Handler                       0x00000105   Thumb Code     2  exercise_4.o(.text)
    SVC_Handler                              0x00000107   Thumb Code     2  exercise_4.o(.text)
    DebugMon_Handler                         0x00000109   Thumb Code     2  exercise_4.o(.text)
    PendSV_Handler                           0x0000010b   Thumb Code     2  exercise_4.o(.text)
    SysTick_Handler                          0x0000010d   Thumb Code     2  exercise_4.o(.text)
    ADC_IRQHandler                           0x0000010f   Thumb Code     0  exercise_4.o(.text)
    BOD_IRQHandler                           0x0000010f   Thumb Code     0  exercise_4.o(.text)
    CANActivity_IRQHandler                   0x0000010f   Thumb Code     0  exercise_4.o(.text)
    CAN_IRQHandler                           0x0000010f   Thumb Code     0  exercise_4.o(.text)
    DMA_IRQHandler                           0x0000010f   Thumb Code     0  exercise_4.o(.text)
    EINT0_IRQHandler                         0x0000010f   Thumb Code     0  exercise_4.o(.text)
    EINT1_IRQHandler                         0x0000010f   Thumb Code     0  exercise_4.o(.text)
    EINT2_IRQHandler                         0x0000010f   Thumb Code     0  exercise_4.o(.text)
    EINT3_IRQHandler                         0x0000010f   Thumb Code     0  exercise_4.o(.text)
    ENET_IRQHandler                          0x0000010f   Thumb Code     0  exercise_4.o(.text)
    I2C0_IRQHandler                          0x0000010f   Thumb Code     0  exercise_4.o(.text)
    I2C1_IRQHandler                          0x0000010f   Thumb Code     0  exercise_4.o(.text)
    I2C2_IRQHandler                          0x0000010f   Thumb Code     0  exercise_4.o(.text)
    I2S_IRQHandler                           0x0000010f   Thumb Code     0  exercise_4.o(.text)
    MCPWM_IRQHandler                         0x0000010f   Thumb Code     0  exercise_4.o(.text)
    PLL0_IRQHandler                          0x0000010f   Thumb Code     0  exercise_4.o(.text)
    PLL1_IRQHandler                          0x0000010f   Thumb Code     0  exercise_4.o(.text)
    PWM1_IRQHandler                          0x0000010f   Thumb Code     0  exercise_4.o(.text)
    QEI_IRQHandler                           0x0000010f   Thumb Code     0  exercise_4.o(.text)
    RIT_IRQHandler                           0x0000010f   Thumb Code     0  exercise_4.o(.text)
    RTC_IRQHandler                           0x0000010f   Thumb Code     0  exercise_4.o(.text)
    SPI_IRQHandler                           0x0000010f   Thumb Code     0  exercise_4.o(.text)
    SSP0_IRQHandler                          0x0000010f   Thumb Code     0  exercise_4.o(.text)
    SSP1_IRQHandler                          0x0000010f   Thumb Code     0  exercise_4.o(.text)
    TIMER0_IRQHandler                        0x0000010f   Thumb Code     0  exercise_4.o(.text)
    TIMER1_IRQHandler                        0x0000010f   Thumb Code     0  exercise_4.o(.text)
    TIMER2_IRQHandler                        0x0000010f   Thumb Code     0  exercise_4.o(.text)
    TIMER3_IRQHandler                        0x0000010f   Thumb Code     0  exercise_4.o(.text)
    UART0_IRQHandler                         0x0000010f   Thumb Code     0  exercise_4.o(.text)
    UART1_IRQHandler                         0x0000010f   Thumb Code     0  exercise_4.o(.text)
    UART2_IRQHandler                         0x0000010f   Thumb Code     0  exercise_4.o(.text)
    UART3_IRQHandler                         0x0000010f   Thumb Code     0  exercise_4.o(.text)
    USBActivity_IRQHandler                   0x0000010f   Thumb Code     0  exercise_4.o(.text)
    USB_IRQHandler                           0x0000010f   Thumb Code     0  exercise_4.o(.text)
    WDT_IRQHandler                           0x0000010f   Thumb Code     0  exercise_4.o(.text)
    __initial_sp                             0x10000200   Data           0  exercise_4.o(STACK)



==============================================================================

Memory Map of the image

  Image Entry point : 0x000000cd

  Load Region LR_1 (Base: 0x00000000, Size: 0x00000300, Max: 0xffffffff, ABSOLUTE)

    Execution Region ER_RO (Exec base: 0x00000000, Load base: 0x00000000, Size: 0x00000300, Max: 0xffffffff, ABSOLUTE)

    Exec Addr    Load Addr    Size         Type   Attr      Idx    E Section Name        Object

    0x00000000   0x00000000   0x000000cc   Data   RO            3    RESET               exercise_4.o
    0x000000cc   0x000000cc   0x00000048   Code   RO            5  * .text               exercise_4.o
    0x00000114   0x00000114   0x000001e8   PAD
    0x000002fc   0x000002fc   0x00000004   Code   RO            4    .ARM.__at_0x02FC    exercise_4.o


    Execution Region ER_RW (Exec base: 0x10000000, Load base: 0x00000300, Size: 0x00000000, Max: 0xffffffff, ABSOLUTE)

    **** No section assigned to this execution region ****


    Execution Region ER_ZI (Exec base: 0x10000000, Load base: 0x00000300, Size: 0x00000200, Max: 0xffffffff, ABSOLUTE)

    Exec Addr    Load Addr    Size         Type   Attr      Idx    E Section Name        Object

    0x10000000        -       0x00000200   Zero   RW            1    STACK               exercise_4.o


==============================================================================

Image component sizes


      Code (inc. data)   RO Data    RW Data    ZI Data      Debug   Object Name

        76          8        204          0        512       1068   exercise_4.o

    ----------------------------------------------------------------------
       564        496        204          0        512       1068   Object Totals
         0          0          0          0          0          0   (incl. Generated)
       488        488          0          0          0          0   (incl. Padding)

    ----------------------------------------------------------------------
         0          0          0          0          0          0   Library Totals
         0          0          0          0          0          0   (incl. Padding)

    ----------------------------------------------------------------------

==============================================================================


      Code (inc. data)   RO Data    RW Data    ZI Data      Debug   

       564        496        204          0        512       1068   Grand Totals
       564        496        204          0        512       1068   ELF Image Totals
       564        496        204          0          0          0   ROM Totals

==============================================================================

    Total RO  Size (Code + RO Data)                  768 (   0.75kB)
    Total RW  Size (RW Data + ZI Data)               512 (   0.50kB)
    Total ROM Size (Code + RO Data + RW Data)        768 (   0.75kB)

==============================================================================

