


ARM Macro Assembler    Page 1 


    1 00000000         ;/******************************************************
                       ********************//**
    2 00000000         ; * @file     startup_LPC17xx.s
    3 00000000         ; * @brief    CMSIS Cortex-M3 Core Device Startup File f
                       or
    4 00000000         ; *           NXP LPC17xx Device Series
    5 00000000         ; * @version  V1.10
    6 00000000         ; * @date     06. April 2011
    7 00000000         ; *
    8 00000000         ; * @note
    9 00000000         ; * Copyright (C) 2009-2011 ARM Limited. All rights rese
                       rved.
   10 00000000         ; *
   11 00000000         ; * @par
   12 00000000         ; * ARM Limited (ARM) is supplying this software for use
                        with Cortex-M
   13 00000000         ; * processor based microcontrollers.  This file can be 
                       freely distributed
   14 00000000         ; * within development tools that are supporting such AR
                       M based processors.
   15 00000000         ; *
   16 00000000         ; * @par
   17 00000000         ; * THIS SOFTWARE IS PROVIDED "AS IS".  NO WARRANTIES, W
                       HETHER EXPRESS, IMPLIED
   18 00000000         ; * OR STATUTORY, INCLUDING, BUT NOT LIMITED TO, IMPLIED
                        WARRANTIES OF
   19 00000000         ; * MERCHANTABILITY AND FITNESS FOR A PARTICULAR PURPOSE
                        APPLY TO THIS SOFTWARE.
   20 00000000         ; * ARM SHALL NOT, IN ANY CIRCUMSTANCES, BE LIABLE FOR S
                       PECIAL, INCIDENTAL, OR
   21 00000000         ; * CONSEQUENTIAL DAMAGES, FOR ANY REASON WHATSOEVER.
   22 00000000         ; *
   23 00000000         ; ******************************************************
                       ************************/
   24 00000000         
   25 00000000         ; *------- <<< Use Configuration Wizard in Context Menu 
                       >>> ------------------
   26 00000000         
   27 00000000         ; <h> Stack Configuration
   28 00000000         ;   <o> Stack Size (in Bytes) <0x0-0xFFFFFFFF:8>
   29 00000000         ; </h>
   30 00000000         
   31 00000000 00000200 
                       Stack_Size
                               EQU              0x00000200
   32 00000000         
   33 00000000                 AREA             STACK, NOINIT, READWRITE, ALIGN
=3
   34 00000000         Stack_Mem
                               SPACE            Stack_Size
   35 00000200         __initial_sp
   36 00000200         
   37 00000200         
   38 00000200         ; <h> Heap Configuration
   39 00000200         ;   <o>  Heap Size (in Bytes) <0x0-0xFFFFFFFF:8>
   40 00000200         ; </h>
   41 00000200         
   42 00000200 00000200 
                       Heap_Size



ARM Macro Assembler    Page 2 


                               EQU              0x00000200
   43 00000200         
   44 00000200                 AREA             HEAP, NOINIT, READWRITE, ALIGN=
3 
                                                            ; 2*3
   45 00000000         __heap_base
   46 00000000         Heap_Mem
                               SPACE            Heap_Size
   47 00000200         __heap_limit
   48 00000200         
   49 00000200         
   50 00000200                 PRESERVE8
   51 00000200                 THUMB
   52 00000200         
   53 00000200         
   54 00000200         ; Vector Table Mapped to Address 0 at Reset
   55 00000200         
   56 00000200                 AREA             RESET, DATA, READONLY
   57 00000000                 EXPORT           __Vectors
   58 00000000         
   59 00000000 00000000 
                       __Vectors
                               DCD              __initial_sp ; Top of Stack
   60 00000004 00000000        DCD              Reset_Handler ; Reset Handler
   61 00000008 00000000        DCD              NMI_Handler ; NMI Handler
   62 0000000C 00000000        DCD              HardFault_Handler ; Hard Fault 
                                                            Handler
   63 00000010 00000000        DCD              MemManage_Handler 
                                                            ; MPU Fault Handler
                                                            
   64 00000014 00000000        DCD              BusFault_Handler 
                                                            ; Bus Fault Handler
                                                            
   65 00000018 00000000        DCD              UsageFault_Handler ; Usage Faul
                                                            t Handler
   66 0000001C 00000000        DCD              0           ; Reserved
   67 00000020 00000000        DCD              0           ; Reserved
   68 00000024 00000000        DCD              0           ; Reserved
   69 00000028 00000000        DCD              0           ; Reserved
   70 0000002C 00000000        DCD              SVC_Handler ; SVCall Handler
   71 00000030 00000000        DCD              DebugMon_Handler ; Debug Monito
                                                            r Handler
   72 00000034 00000000        DCD              0           ; Reserved
   73 00000038 00000000        DCD              PendSV_Handler ; PendSV Handler
                                                            
   74 0000003C 00000000        DCD              SysTick_Handler 
                                                            ; SysTick Handler
   75 00000040         
   76 00000040         ; External Interrupts
   77 00000040 00000000        DCD              WDT_IRQHandler ; 16: Watchdog T
                                                            imer
   78 00000044 00000000        DCD              TIMER0_IRQHandler ; 17: Timer0
   79 00000048 00000000        DCD              TIMER1_IRQHandler ; 18: Timer1
   80 0000004C 00000000        DCD              TIMER2_IRQHandler ; 19: Timer2
   81 00000050 00000000        DCD              TIMER3_IRQHandler ; 20: Timer3
   82 00000054 00000000        DCD              UART0_IRQHandler ; 21: UART0
   83 00000058 00000000        DCD              UART1_IRQHandler ; 22: UART1
   84 0000005C 00000000        DCD              UART2_IRQHandler ; 23: UART2
   85 00000060 00000000        DCD              UART3_IRQHandler ; 24: UART3



ARM Macro Assembler    Page 3 


   86 00000064 00000000        DCD              PWM1_IRQHandler ; 25: PWM1
   87 00000068 00000000        DCD              I2C0_IRQHandler ; 26: I2C0
   88 0000006C 00000000        DCD              I2C1_IRQHandler ; 27: I2C1
   89 00000070 00000000        DCD              I2C2_IRQHandler ; 28: I2C2
   90 00000074 00000000        DCD              SPI_IRQHandler ; 29: SPI
   91 00000078 00000000        DCD              SSP0_IRQHandler ; 30: SSP0
   92 0000007C 00000000        DCD              SSP1_IRQHandler ; 31: SSP1
   93 00000080 00000000        DCD              PLL0_IRQHandler ; 32: PLL0 Lock
                                                             (Main PLL)
   94 00000084 00000000        DCD              RTC_IRQHandler ; 33: Real Time 
                                                            Clock
   95 00000088 00000000        DCD              EINT0_IRQHandler ; 34: External
                                                             Interrupt 0
   96 0000008C 00000000        DCD              EINT1_IRQHandler ; 35: External
                                                             Interrupt 1
   97 00000090 00000000        DCD              EINT2_IRQHandler ; 36: External
                                                             Interrupt 2
   98 00000094 00000000        DCD              EINT3_IRQHandler ; 37: External
                                                             Interrupt 3
   99 00000098 00000000        DCD              ADC_IRQHandler 
                                                            ; 38: A/D Converter
                                                            
  100 0000009C 00000000        DCD              BOD_IRQHandler ; 39: Brown-Out 
                                                            Detect
  101 000000A0 00000000        DCD              USB_IRQHandler ; 40: USB
  102 000000A4 00000000        DCD              CAN_IRQHandler ; 41: CAN
  103 000000A8 00000000        DCD              DMA_IRQHandler ; 42: General Pu
                                                            rpose DMA
  104 000000AC 00000000        DCD              I2S_IRQHandler ; 43: I2S
  105 000000B0 00000000        DCD              ENET_IRQHandler ; 44: Ethernet
  106 000000B4 00000000        DCD              RIT_IRQHandler ; 45: Repetitive
                                                             Interrupt Timer
  107 000000B8 00000000        DCD              MCPWM_IRQHandler ; 46: Motor Co
                                                            ntrol PWM
  108 000000BC 00000000        DCD              QEI_IRQHandler ; 47: Quadrature
                                                             Encoder Interface
  109 000000C0 00000000        DCD              PLL1_IRQHandler ; 48: PLL1 Lock
                                                             (USB PLL)
  110 000000C4 00000000        DCD              USBActivity_IRQHandler ; 49: US
                                                            B Activity interrup
                                                            t to wakeup
  111 000000C8 00000000        DCD              CANActivity_IRQHandler ; 50: CA
                                                            N Activity interrup
                                                            t to wakeup
  112 000000CC         
  113 000000CC         
  114 000000CC                 IF               :LNOT::DEF:NO_CRP
  115 000000CC                 AREA             |.ARM.__at_0x02FC|, CODE, READO
NLY
  116 00000000 FFFFFFFF 
                       CRP_Key DCD              0xFFFFFFFF
  117 00000004                 ENDIF
  118 00000004         
  119 00000004         
  120 00000004        2 
                       var     RN               2
  121 00000004         
  122 00000004                 AREA             |.text|, CODE, READONLY
  123 00000000         ; Reset Handler



ARM Macro Assembler    Page 4 


  124 00000000         
  125 00000000         Reset_Handler
                               PROC
  126 00000000                 EXPORT           Reset_Handler             [WEAK
]
  127 00000000         
  128 00000000         
  129 00000000         ; --- exercise 3 version 2 ---
  130 00000000         
  131 00000000 F04F 010C       MOV              R1, #12
  132 00000004 F04F 020A       MOV              R2, #10
  133 00000008         
  134 00000008 1A8B            SUBS             R3, R1, R2
  135 0000000A         
  136 0000000A BF04 0849       LSREQ            R1, R1, #1
  137 0000000E EBA2 0901       SUBEQ            R9, R2, R1
  138 00000012         
  139 00000012         ;non uguali
  140 00000012 BFB8 4690       MOVLT            R8, R2
  141 00000016 BFC8 4688       MOVGT            R8, R1
  142 0000001A         
  143 0000001A 4807            LDR              R0, =stop
  144 0000001C         
  145 0000001C 4700    stop    BX               R0
  146 0000001E                 ENDP
  147 0000001E         
  148 0000001E         
  149 0000001E         ; Dummy Exception Handlers (infinite loops which can be 
                       modified)
  150 0000001E         
  151 0000001E         NMI_Handler
                               PROC
  152 0000001E                 EXPORT           NMI_Handler               [WEAK
]
  153 0000001E         
  154 0000001E E7FE            B                .
  155 00000020         
  156 00000020                 ENDP
  158 00000020         HardFault_Handler
                               PROC
  159 00000020                 EXPORT           HardFault_Handler         [WEAK
]
  160 00000020         ; your code
  161 00000020 F040 0001       orr              r0,r0,#1
  162 00000024 4611            mov              r1, r2
  163 00000026 4700            BX               r0
  164 00000028                 ENDP
  166 00000028         MemManage_Handler
                               PROC
  167 00000028                 EXPORT           MemManage_Handler         [WEAK
]
  168 00000028 E7FE            B                .
  169 0000002A                 ENDP
  171 0000002A         BusFault_Handler
                               PROC
  172 0000002A                 EXPORT           BusFault_Handler          [WEAK
]
  173 0000002A E7FE            B                .
  174 0000002C                 ENDP



ARM Macro Assembler    Page 5 


  176 0000002C         UsageFault_Handler
                               PROC
  177 0000002C                 EXPORT           UsageFault_Handler        [WEAK
]
  178 0000002C E7FE            B                .
  179 0000002E                 ENDP
  180 0000002E         SVC_Handler
                               PROC
  181 0000002E                 EXPORT           SVC_Handler               [WEAK
]
  182 0000002E E7FE            B                .
  183 00000030                 ENDP
  185 00000030         DebugMon_Handler
                               PROC
  186 00000030                 EXPORT           DebugMon_Handler          [WEAK
]
  187 00000030 E7FE            B                .
  188 00000032                 ENDP
  189 00000032         PendSV_Handler
                               PROC
  190 00000032                 EXPORT           PendSV_Handler            [WEAK
]
  191 00000032 E7FE            B                .
  192 00000034                 ENDP
  193 00000034         SysTick_Handler
                               PROC
  194 00000034                 EXPORT           SysTick_Handler           [WEAK
]
  195 00000034 E7FE            B                .
  196 00000036                 ENDP
  197 00000036         
  198 00000036         Default_Handler
                               PROC
  199 00000036         
  200 00000036                 EXPORT           WDT_IRQHandler            [WEAK
]
  201 00000036                 EXPORT           TIMER0_IRQHandler         [WEAK
]
  202 00000036                 EXPORT           TIMER1_IRQHandler         [WEAK
]
  203 00000036                 EXPORT           TIMER2_IRQHandler         [WEAK
]
  204 00000036                 EXPORT           TIMER3_IRQHandler         [WEAK
]
  205 00000036                 EXPORT           UART0_IRQHandler          [WEAK
]
  206 00000036                 EXPORT           UART1_IRQHandler          [WEAK
]
  207 00000036                 EXPORT           UART2_IRQHandler          [WEAK
]
  208 00000036                 EXPORT           UART3_IRQHandler          [WEAK
]
  209 00000036                 EXPORT           PWM1_IRQHandler           [WEAK
]
  210 00000036                 EXPORT           I2C0_IRQHandler           [WEAK
]
  211 00000036                 EXPORT           I2C1_IRQHandler           [WEAK
]
  212 00000036                 EXPORT           I2C2_IRQHandler           [WEAK



ARM Macro Assembler    Page 6 


]
  213 00000036                 EXPORT           SPI_IRQHandler            [WEAK
]
  214 00000036                 EXPORT           SSP0_IRQHandler           [WEAK
]
  215 00000036                 EXPORT           SSP1_IRQHandler           [WEAK
]
  216 00000036                 EXPORT           PLL0_IRQHandler           [WEAK
]
  217 00000036                 EXPORT           RTC_IRQHandler            [WEAK
]
  218 00000036                 EXPORT           EINT0_IRQHandler          [WEAK
]
  219 00000036                 EXPORT           EINT1_IRQHandler          [WEAK
]
  220 00000036                 EXPORT           EINT2_IRQHandler          [WEAK
]
  221 00000036                 EXPORT           EINT3_IRQHandler          [WEAK
]
  222 00000036                 EXPORT           ADC_IRQHandler            [WEAK
]
  223 00000036                 EXPORT           BOD_IRQHandler            [WEAK
]
  224 00000036                 EXPORT           USB_IRQHandler            [WEAK
]
  225 00000036                 EXPORT           CAN_IRQHandler            [WEAK
]
  226 00000036                 EXPORT           DMA_IRQHandler            [WEAK
]
  227 00000036                 EXPORT           I2S_IRQHandler            [WEAK
]
  228 00000036                 EXPORT           ENET_IRQHandler           [WEAK
]
  229 00000036                 EXPORT           RIT_IRQHandler            [WEAK
]
  230 00000036                 EXPORT           MCPWM_IRQHandler          [WEAK
]
  231 00000036                 EXPORT           QEI_IRQHandler            [WEAK
]
  232 00000036                 EXPORT           PLL1_IRQHandler           [WEAK
]
  233 00000036                 EXPORT           USBActivity_IRQHandler    [WEAK
]
  234 00000036                 EXPORT           CANActivity_IRQHandler    [WEAK
]
  235 00000036         
  236 00000036         WDT_IRQHandler
  237 00000036         TIMER0_IRQHandler
  238 00000036         TIMER1_IRQHandler
  239 00000036         TIMER2_IRQHandler
  240 00000036         TIMER3_IRQHandler
  241 00000036         UART0_IRQHandler
  242 00000036         UART1_IRQHandler
  243 00000036         UART2_IRQHandler
  244 00000036         UART3_IRQHandler
  245 00000036         PWM1_IRQHandler
  246 00000036         I2C0_IRQHandler
  247 00000036         I2C1_IRQHandler
  248 00000036         I2C2_IRQHandler



ARM Macro Assembler    Page 7 


  249 00000036         SPI_IRQHandler
  250 00000036         SSP0_IRQHandler
  251 00000036         SSP1_IRQHandler
  252 00000036         PLL0_IRQHandler
  253 00000036         RTC_IRQHandler
  254 00000036         EINT0_IRQHandler
  255 00000036         EINT1_IRQHandler
  256 00000036         EINT2_IRQHandler
  257 00000036         EINT3_IRQHandler
  258 00000036         ADC_IRQHandler
  259 00000036         BOD_IRQHandler
  260 00000036         USB_IRQHandler
  261 00000036         CAN_IRQHandler
  262 00000036         DMA_IRQHandler
  263 00000036         I2S_IRQHandler
  264 00000036         ENET_IRQHandler
  265 00000036         RIT_IRQHandler
  266 00000036         MCPWM_IRQHandler
  267 00000036         QEI_IRQHandler
  268 00000036         PLL1_IRQHandler
  269 00000036         USBActivity_IRQHandler
  270 00000036         CANActivity_IRQHandler
  271 00000036         
  272 00000036 E7FE            B                .
  273 00000038         
  274 00000038                 ENDP
  275 00000038         
  276 00000038         
  277 00000038                 ALIGN
  278 00000038         
  279 00000038         
  280 00000038         ; User Initial Stack & Heap
  281 00000038         
  282 00000038                 EXPORT           __initial_sp
  283 00000038                 EXPORT           __heap_base
  284 00000038                 EXPORT           __heap_limit
  285 00000038         
  286 00000038                 END
              00000000 
Command Line: --debug --xref --diag_suppress=9931,A1950W --cpu=Cortex-M3 --depe
nd=.\objects\exercise_3_v2.d -o.\objects\exercise_3_v2.o -I.\Source -IC:\Users\
andry\AppData\Local\Arm\Packs\Keil\LPC1700_DFP\2.7.2\Device\Include --predefine
="__EVAL SETA 1" --predefine="__UVISION_VERSION SETA 543" --predefine="LPC175x_
6x SETA 1" --list=.\listings\exercise_3_v2.lst Source\exercise_3_v2.s



ARM Macro Assembler    Page 1 Alphabetic symbol ordering
Relocatable symbols

STACK 00000000

Symbol: STACK
   Definitions
      At line 33 in file Source\exercise_3_v2.s
   Uses
      None
Comment: STACK unused
Stack_Mem 00000000

Symbol: Stack_Mem
   Definitions
      At line 34 in file Source\exercise_3_v2.s
   Uses
      None
Comment: Stack_Mem unused
__initial_sp 00000200

Symbol: __initial_sp
   Definitions
      At line 35 in file Source\exercise_3_v2.s
   Uses
      At line 59 in file Source\exercise_3_v2.s
      At line 282 in file Source\exercise_3_v2.s

3 symbols



ARM Macro Assembler    Page 1 Alphabetic symbol ordering
Relocatable symbols

HEAP 00000000

Symbol: HEAP
   Definitions
      At line 44 in file Source\exercise_3_v2.s
   Uses
      None
Comment: HEAP unused
Heap_Mem 00000000

Symbol: Heap_Mem
   Definitions
      At line 46 in file Source\exercise_3_v2.s
   Uses
      None
Comment: Heap_Mem unused
__heap_base 00000000

Symbol: __heap_base
   Definitions
      At line 45 in file Source\exercise_3_v2.s
   Uses
      At line 283 in file Source\exercise_3_v2.s
Comment: __heap_base used once
__heap_limit 00000200

Symbol: __heap_limit
   Definitions
      At line 47 in file Source\exercise_3_v2.s
   Uses
      At line 284 in file Source\exercise_3_v2.s
Comment: __heap_limit used once
4 symbols



ARM Macro Assembler    Page 1 Alphabetic symbol ordering
Relocatable symbols

RESET 00000000

Symbol: RESET
   Definitions
      At line 56 in file Source\exercise_3_v2.s
   Uses
      None
Comment: RESET unused
__Vectors 00000000

Symbol: __Vectors
   Definitions
      At line 59 in file Source\exercise_3_v2.s
   Uses
      At line 57 in file Source\exercise_3_v2.s
Comment: __Vectors used once
2 symbols



ARM Macro Assembler    Page 1 Alphabetic symbol ordering
Relocatable symbols

.ARM.__at_0x02FC 00000000

Symbol: .ARM.__at_0x02FC
   Definitions
      At line 115 in file Source\exercise_3_v2.s
   Uses
      None
Comment: .ARM.__at_0x02FC unused
CRP_Key 00000000

Symbol: CRP_Key
   Definitions
      At line 116 in file Source\exercise_3_v2.s
   Uses
      None
Comment: CRP_Key unused
2 symbols



ARM Macro Assembler    Page 1 Alphabetic symbol ordering
Relocatable symbols

.text 00000000

Symbol: .text
   Definitions
      At line 122 in file Source\exercise_3_v2.s
   Uses
      None
Comment: .text unused
ADC_IRQHandler 00000036

Symbol: ADC_IRQHandler
   Definitions
      At line 258 in file Source\exercise_3_v2.s
   Uses
      At line 99 in file Source\exercise_3_v2.s
      At line 222 in file Source\exercise_3_v2.s

BOD_IRQHandler 00000036

Symbol: BOD_IRQHandler
   Definitions
      At line 259 in file Source\exercise_3_v2.s
   Uses
      At line 100 in file Source\exercise_3_v2.s
      At line 223 in file Source\exercise_3_v2.s

BusFault_Handler 0000002A

Symbol: BusFault_Handler
   Definitions
      At line 171 in file Source\exercise_3_v2.s
   Uses
      At line 64 in file Source\exercise_3_v2.s
      At line 172 in file Source\exercise_3_v2.s

CANActivity_IRQHandler 00000036

Symbol: CANActivity_IRQHandler
   Definitions
      At line 270 in file Source\exercise_3_v2.s
   Uses
      At line 111 in file Source\exercise_3_v2.s
      At line 234 in file Source\exercise_3_v2.s

CAN_IRQHandler 00000036

Symbol: CAN_IRQHandler
   Definitions
      At line 261 in file Source\exercise_3_v2.s
   Uses
      At line 102 in file Source\exercise_3_v2.s
      At line 225 in file Source\exercise_3_v2.s

DMA_IRQHandler 00000036

Symbol: DMA_IRQHandler
   Definitions
      At line 262 in file Source\exercise_3_v2.s
   Uses



ARM Macro Assembler    Page 2 Alphabetic symbol ordering
Relocatable symbols

      At line 103 in file Source\exercise_3_v2.s
      At line 226 in file Source\exercise_3_v2.s

DebugMon_Handler 00000030

Symbol: DebugMon_Handler
   Definitions
      At line 185 in file Source\exercise_3_v2.s
   Uses
      At line 71 in file Source\exercise_3_v2.s
      At line 186 in file Source\exercise_3_v2.s

Default_Handler 00000036

Symbol: Default_Handler
   Definitions
      At line 198 in file Source\exercise_3_v2.s
   Uses
      None
Comment: Default_Handler unused
EINT0_IRQHandler 00000036

Symbol: EINT0_IRQHandler
   Definitions
      At line 254 in file Source\exercise_3_v2.s
   Uses
      At line 95 in file Source\exercise_3_v2.s
      At line 218 in file Source\exercise_3_v2.s

EINT1_IRQHandler 00000036

Symbol: EINT1_IRQHandler
   Definitions
      At line 255 in file Source\exercise_3_v2.s
   Uses
      At line 96 in file Source\exercise_3_v2.s
      At line 219 in file Source\exercise_3_v2.s

EINT2_IRQHandler 00000036

Symbol: EINT2_IRQHandler
   Definitions
      At line 256 in file Source\exercise_3_v2.s
   Uses
      At line 97 in file Source\exercise_3_v2.s
      At line 220 in file Source\exercise_3_v2.s

EINT3_IRQHandler 00000036

Symbol: EINT3_IRQHandler
   Definitions
      At line 257 in file Source\exercise_3_v2.s
   Uses
      At line 98 in file Source\exercise_3_v2.s
      At line 221 in file Source\exercise_3_v2.s

ENET_IRQHandler 00000036

Symbol: ENET_IRQHandler



ARM Macro Assembler    Page 3 Alphabetic symbol ordering
Relocatable symbols

   Definitions
      At line 264 in file Source\exercise_3_v2.s
   Uses
      At line 105 in file Source\exercise_3_v2.s
      At line 228 in file Source\exercise_3_v2.s

HardFault_Handler 00000020

Symbol: HardFault_Handler
   Definitions
      At line 158 in file Source\exercise_3_v2.s
   Uses
      At line 62 in file Source\exercise_3_v2.s
      At line 159 in file Source\exercise_3_v2.s

I2C0_IRQHandler 00000036

Symbol: I2C0_IRQHandler
   Definitions
      At line 246 in file Source\exercise_3_v2.s
   Uses
      At line 87 in file Source\exercise_3_v2.s
      At line 210 in file Source\exercise_3_v2.s

I2C1_IRQHandler 00000036

Symbol: I2C1_IRQHandler
   Definitions
      At line 247 in file Source\exercise_3_v2.s
   Uses
      At line 88 in file Source\exercise_3_v2.s
      At line 211 in file Source\exercise_3_v2.s

I2C2_IRQHandler 00000036

Symbol: I2C2_IRQHandler
   Definitions
      At line 248 in file Source\exercise_3_v2.s
   Uses
      At line 89 in file Source\exercise_3_v2.s
      At line 212 in file Source\exercise_3_v2.s

I2S_IRQHandler 00000036

Symbol: I2S_IRQHandler
   Definitions
      At line 263 in file Source\exercise_3_v2.s
   Uses
      At line 104 in file Source\exercise_3_v2.s
      At line 227 in file Source\exercise_3_v2.s

MCPWM_IRQHandler 00000036

Symbol: MCPWM_IRQHandler
   Definitions
      At line 266 in file Source\exercise_3_v2.s
   Uses
      At line 107 in file Source\exercise_3_v2.s
      At line 230 in file Source\exercise_3_v2.s



ARM Macro Assembler    Page 4 Alphabetic symbol ordering
Relocatable symbols


MemManage_Handler 00000028

Symbol: MemManage_Handler
   Definitions
      At line 166 in file Source\exercise_3_v2.s
   Uses
      At line 63 in file Source\exercise_3_v2.s
      At line 167 in file Source\exercise_3_v2.s

NMI_Handler 0000001E

Symbol: NMI_Handler
   Definitions
      At line 151 in file Source\exercise_3_v2.s
   Uses
      At line 61 in file Source\exercise_3_v2.s
      At line 152 in file Source\exercise_3_v2.s

PLL0_IRQHandler 00000036

Symbol: PLL0_IRQHandler
   Definitions
      At line 252 in file Source\exercise_3_v2.s
   Uses
      At line 93 in file Source\exercise_3_v2.s
      At line 216 in file Source\exercise_3_v2.s

PLL1_IRQHandler 00000036

Symbol: PLL1_IRQHandler
   Definitions
      At line 268 in file Source\exercise_3_v2.s
   Uses
      At line 109 in file Source\exercise_3_v2.s
      At line 232 in file Source\exercise_3_v2.s

PWM1_IRQHandler 00000036

Symbol: PWM1_IRQHandler
   Definitions
      At line 245 in file Source\exercise_3_v2.s
   Uses
      At line 86 in file Source\exercise_3_v2.s
      At line 209 in file Source\exercise_3_v2.s

PendSV_Handler 00000032

Symbol: PendSV_Handler
   Definitions
      At line 189 in file Source\exercise_3_v2.s
   Uses
      At line 73 in file Source\exercise_3_v2.s
      At line 190 in file Source\exercise_3_v2.s

QEI_IRQHandler 00000036

Symbol: QEI_IRQHandler
   Definitions



ARM Macro Assembler    Page 5 Alphabetic symbol ordering
Relocatable symbols

      At line 267 in file Source\exercise_3_v2.s
   Uses
      At line 108 in file Source\exercise_3_v2.s
      At line 231 in file Source\exercise_3_v2.s

RIT_IRQHandler 00000036

Symbol: RIT_IRQHandler
   Definitions
      At line 265 in file Source\exercise_3_v2.s
   Uses
      At line 106 in file Source\exercise_3_v2.s
      At line 229 in file Source\exercise_3_v2.s

RTC_IRQHandler 00000036

Symbol: RTC_IRQHandler
   Definitions
      At line 253 in file Source\exercise_3_v2.s
   Uses
      At line 94 in file Source\exercise_3_v2.s
      At line 217 in file Source\exercise_3_v2.s

Reset_Handler 00000000

Symbol: Reset_Handler
   Definitions
      At line 125 in file Source\exercise_3_v2.s
   Uses
      At line 60 in file Source\exercise_3_v2.s
      At line 126 in file Source\exercise_3_v2.s

SPI_IRQHandler 00000036

Symbol: SPI_IRQHandler
   Definitions
      At line 249 in file Source\exercise_3_v2.s
   Uses
      At line 90 in file Source\exercise_3_v2.s
      At line 213 in file Source\exercise_3_v2.s

SSP0_IRQHandler 00000036

Symbol: SSP0_IRQHandler
   Definitions
      At line 250 in file Source\exercise_3_v2.s
   Uses
      At line 91 in file Source\exercise_3_v2.s
      At line 214 in file Source\exercise_3_v2.s

SSP1_IRQHandler 00000036

Symbol: SSP1_IRQHandler
   Definitions
      At line 251 in file Source\exercise_3_v2.s
   Uses
      At line 92 in file Source\exercise_3_v2.s
      At line 215 in file Source\exercise_3_v2.s




ARM Macro Assembler    Page 6 Alphabetic symbol ordering
Relocatable symbols

SVC_Handler 0000002E

Symbol: SVC_Handler
   Definitions
      At line 180 in file Source\exercise_3_v2.s
   Uses
      At line 70 in file Source\exercise_3_v2.s
      At line 181 in file Source\exercise_3_v2.s

SysTick_Handler 00000034

Symbol: SysTick_Handler
   Definitions
      At line 193 in file Source\exercise_3_v2.s
   Uses
      At line 74 in file Source\exercise_3_v2.s
      At line 194 in file Source\exercise_3_v2.s

TIMER0_IRQHandler 00000036

Symbol: TIMER0_IRQHandler
   Definitions
      At line 237 in file Source\exercise_3_v2.s
   Uses
      At line 78 in file Source\exercise_3_v2.s
      At line 201 in file Source\exercise_3_v2.s

TIMER1_IRQHandler 00000036

Symbol: TIMER1_IRQHandler
   Definitions
      At line 238 in file Source\exercise_3_v2.s
   Uses
      At line 79 in file Source\exercise_3_v2.s
      At line 202 in file Source\exercise_3_v2.s

TIMER2_IRQHandler 00000036

Symbol: TIMER2_IRQHandler
   Definitions
      At line 239 in file Source\exercise_3_v2.s
   Uses
      At line 80 in file Source\exercise_3_v2.s
      At line 203 in file Source\exercise_3_v2.s

TIMER3_IRQHandler 00000036

Symbol: TIMER3_IRQHandler
   Definitions
      At line 240 in file Source\exercise_3_v2.s
   Uses
      At line 81 in file Source\exercise_3_v2.s
      At line 204 in file Source\exercise_3_v2.s

UART0_IRQHandler 00000036

Symbol: UART0_IRQHandler
   Definitions
      At line 241 in file Source\exercise_3_v2.s



ARM Macro Assembler    Page 7 Alphabetic symbol ordering
Relocatable symbols

   Uses
      At line 82 in file Source\exercise_3_v2.s
      At line 205 in file Source\exercise_3_v2.s

UART1_IRQHandler 00000036

Symbol: UART1_IRQHandler
   Definitions
      At line 242 in file Source\exercise_3_v2.s
   Uses
      At line 83 in file Source\exercise_3_v2.s
      At line 206 in file Source\exercise_3_v2.s

UART2_IRQHandler 00000036

Symbol: UART2_IRQHandler
   Definitions
      At line 243 in file Source\exercise_3_v2.s
   Uses
      At line 84 in file Source\exercise_3_v2.s
      At line 207 in file Source\exercise_3_v2.s

UART3_IRQHandler 00000036

Symbol: UART3_IRQHandler
   Definitions
      At line 244 in file Source\exercise_3_v2.s
   Uses
      At line 85 in file Source\exercise_3_v2.s
      At line 208 in file Source\exercise_3_v2.s

USBActivity_IRQHandler 00000036

Symbol: USBActivity_IRQHandler
   Definitions
      At line 269 in file Source\exercise_3_v2.s
   Uses
      At line 110 in file Source\exercise_3_v2.s
      At line 233 in file Source\exercise_3_v2.s

USB_IRQHandler 00000036

Symbol: USB_IRQHandler
   Definitions
      At line 260 in file Source\exercise_3_v2.s
   Uses
      At line 101 in file Source\exercise_3_v2.s
      At line 224 in file Source\exercise_3_v2.s

UsageFault_Handler 0000002C

Symbol: UsageFault_Handler
   Definitions
      At line 176 in file Source\exercise_3_v2.s
   Uses
      At line 65 in file Source\exercise_3_v2.s
      At line 177 in file Source\exercise_3_v2.s

WDT_IRQHandler 00000036



ARM Macro Assembler    Page 8 Alphabetic symbol ordering
Relocatable symbols


Symbol: WDT_IRQHandler
   Definitions
      At line 236 in file Source\exercise_3_v2.s
   Uses
      At line 77 in file Source\exercise_3_v2.s
      At line 200 in file Source\exercise_3_v2.s

stop 0000001C

Symbol: stop
   Definitions
      At line 145 in file Source\exercise_3_v2.s
   Uses
      At line 143 in file Source\exercise_3_v2.s
Comment: stop used once
48 symbols



ARM Macro Assembler    Page 1 Alphabetic symbol ordering
Absolute symbols

Heap_Size 00000200

Symbol: Heap_Size
   Definitions
      At line 42 in file Source\exercise_3_v2.s
   Uses
      At line 46 in file Source\exercise_3_v2.s
Comment: Heap_Size used once
Stack_Size 00000200

Symbol: Stack_Size
   Definitions
      At line 31 in file Source\exercise_3_v2.s
   Uses
      At line 34 in file Source\exercise_3_v2.s
Comment: Stack_Size used once
2 symbols
399 symbols in table
