<html>
<body>
<pre>
<h1>µVision Build Log</h1>
<h2>Tool Versions:</h2>
IDE-Version: µVision V5.43.1.0
Copyright (C) 2025 ARM Ltd and ARM Germany GmbH. All rights reserved.
License Information: Andrei Daniel Stefan, Politecnico di Torino, LIC=----
 
Tool Versions:
Toolchain:       MDK-Lite  Version: 5.43.0.0
Toolchain Path:  C:\Users\andry\AppData\Local\Keil_v5\ARM\ARMCLANG\Bin
C Compiler:      ArmClang.exe V6.24
Assembler:       Armasm.exe V6.24
Linker/Locator:  ArmLink.exe V6.24
Library Manager: ArmAr.exe V6.24
Hex Converter:   FromElf.exe V6.24
CPU DLL:         SARMCM3.DLL V5.43.0.0
Dialog DLL:      DARMP1.DLL V1.28.1.0
Target DLL:      UL2CM3.DLL V1.164.16.0
Dialog DLL:      TARMP1.DLL V1.27.1.0
 
<h2>Project:</h2>
C:\Users\andry\Desktop\SyncFiles\PoliTo\1 ANNO MAGISTRALE\Ase\lab_08\exercise2\02_ABI\ABI_C+ASM.uvprojx
Project File Date:  11/29/2025

<h2>Output:</h2>
*** Using Compiler 'V6.24', folder: 'C:\Users\andry\AppData\Local\Keil_v5\ARM\ARMCLANG\Bin'
Rebuild target 'SW_Debug'
assembling ASM_funct.s...
Source\ASM_funct.s(41): warning: A1581W: Added 2 bytes of padding at address 0xe
assembling startup_LPC17xx.s...
creating list file for main.c...
compiling main.c...
creating preprocessor file for main.c...
linking...
Program Size: Code=2148 RO-data=256 RW-data=0 ZI-data=608  
".\Objects\ABI_C+ASM.axf" - 0 Error(s), 1 Warning(s).

<h2>Software Packages used:</h2>

Package Vendor: Keil
                https://www.keil.com/pack/Keil.LPC1700_DFP.2.7.2.pack
                Keil::LPC1700_DFP@2.7.2
                NXP LPC1700 Series Device Support, Drivers and Examples for MCB1700 and LPC1788-32

<h2>Collection of Component include folders:</h2>
  C:/Users/andry/AppData/Local/Arm/Packs/Keil/LPC1700_DFP/2.7.2/Device/Include

<h2>Collection of Component Files used:</h2>
Build Time Elapsed:  00:00:00
</pre>
</body>
</html>
