Component: Arm Compiler for Embedded 6.24 Tool: armlink [5f371500]

==============================================================================

Section Cross References

    exercise_2.o(RESET) refers to exercise_2.o(STACK) for __initial_sp
    exercise_2.o(RESET) refers to exercise_2.o(.text) for Reset_Handler
    exercise_2.o(.text) refers to exercise_2.o(my_arrays) for mapped_id_diff


==============================================================================

Removing Unused input sections from the image.

    Removing exercise_2.o(HEAP), (512 bytes).

1 unused section(s) (total 512 bytes) removed from the image.

==============================================================================

Image Symbol Table

    Local Symbols

    Symbol Name                              Value     Ov Type        Size  Object(Section)

    Source\exercise_2.s                      0x00000000   Number         0  exercise_2.o ABSOLUTE
    RESET                                    0x00000000   Section      204  exercise_2.o(RESET)
    .ARM.__at_0x02FC                         0x000002fc   Section        4  exercise_2.o(.ARM.__at_0x02FC)
    .text                                    0x00000300   Section     8680  exercise_2.o(.text)
    stop                                     0x000003cb   Thumb Code     2  exercise_2.o(.text)
    condition                                0x00001420   Data          56  exercise_2.o(.text)
    purchase_price                           0x00001458   Data          56  exercise_2.o(.text)
    current_price                            0x00001490   Data          56  exercise_2.o(.text)
    tot_cards                                0x000014c8   Data           4  exercise_2.o(.text)
    STACK                                    0x10000000   Section      512  exercise_2.o(STACK)
    POOR                                     0x10000200   Data          28  exercise_2.o(my_arrays)
    my_arrays                                0x10000200   Section      148  exercise_2.o(my_arrays)
    GOOD                                     0x1000021c   Data          28  exercise_2.o(my_arrays)
    MINT                                     0x10000238   Data          28  exercise_2.o(my_arrays)
    mapped_id_diff                           0x10000254   Data          56  exercise_2.o(my_arrays)
    MAX_LOSS_ID                              0x1000028c   Data           4  exercise_2.o(my_arrays)
    MAX_LOSS_COND                            0x10000290   Data           4  exercise_2.o(my_arrays)

    Global Symbols

    Symbol Name                              Value     Ov Type        Size  Object(Section)

    BuildAttributes$$THM_ISAv4$P$D$K$B$S$PE$A:L22UL41UL21$X:L11$S22US41US21$IEEE1$~IW$USESV6$~STKCKD$USESV7$~SHL$OSPACE$EBA8$STANDARDLIB$PRES8$EABIv2 0x00000000   Number         0  anon$$obj.o ABSOLUTE
    __Vectors                                0x00000000   Data           4  exercise_2.o(RESET)
    Reset_Handler                            0x00000301   Thumb Code   204  exercise_2.o(.text)
    NMI_Handler                              0x000024cd   Thumb Code     2  exercise_2.o(.text)
    HardFault_Handler                        0x000024cf   Thumb Code     8  exercise_2.o(.text)
    MemManage_Handler                        0x000024d7   Thumb Code     2  exercise_2.o(.text)
    BusFault_Handler                         0x000024d9   Thumb Code     2  exercise_2.o(.text)
    UsageFault_Handler                       0x000024db   Thumb Code     2  exercise_2.o(.text)
    SVC_Handler                              0x000024dd   Thumb Code     2  exercise_2.o(.text)
    DebugMon_Handler                         0x000024df   Thumb Code     2  exercise_2.o(.text)
    PendSV_Handler                           0x000024e1   Thumb Code     2  exercise_2.o(.text)
    SysTick_Handler                          0x000024e3   Thumb Code     2  exercise_2.o(.text)
    ADC_IRQHandler                           0x000024e5   Thumb Code     0  exercise_2.o(.text)
    BOD_IRQHandler                           0x000024e5   Thumb Code     0  exercise_2.o(.text)
    CANActivity_IRQHandler                   0x000024e5   Thumb Code     0  exercise_2.o(.text)
    CAN_IRQHandler                           0x000024e5   Thumb Code     0  exercise_2.o(.text)
    DMA_IRQHandler                           0x000024e5   Thumb Code     0  exercise_2.o(.text)
    EINT0_IRQHandler                         0x000024e5   Thumb Code     0  exercise_2.o(.text)
    EINT1_IRQHandler                         0x000024e5   Thumb Code     0  exercise_2.o(.text)
    EINT2_IRQHandler                         0x000024e5   Thumb Code     0  exercise_2.o(.text)
    EINT3_IRQHandler                         0x000024e5   Thumb Code     0  exercise_2.o(.text)
    ENET_IRQHandler                          0x000024e5   Thumb Code     0  exercise_2.o(.text)
    I2C0_IRQHandler                          0x000024e5   Thumb Code     0  exercise_2.o(.text)
    I2C1_IRQHandler                          0x000024e5   Thumb Code     0  exercise_2.o(.text)
    I2C2_IRQHandler                          0x000024e5   Thumb Code     0  exercise_2.o(.text)
    I2S_IRQHandler                           0x000024e5   Thumb Code     0  exercise_2.o(.text)
    MCPWM_IRQHandler                         0x000024e5   Thumb Code     0  exercise_2.o(.text)
    PLL0_IRQHandler                          0x000024e5   Thumb Code     0  exercise_2.o(.text)
    PLL1_IRQHandler                          0x000024e5   Thumb Code     0  exercise_2.o(.text)
    PWM1_IRQHandler                          0x000024e5   Thumb Code     0  exercise_2.o(.text)
    QEI_IRQHandler                           0x000024e5   Thumb Code     0  exercise_2.o(.text)
    RIT_IRQHandler                           0x000024e5   Thumb Code     0  exercise_2.o(.text)
    RTC_IRQHandler                           0x000024e5   Thumb Code     0  exercise_2.o(.text)
    SPI_IRQHandler                           0x000024e5   Thumb Code     0  exercise_2.o(.text)
    SSP0_IRQHandler                          0x000024e5   Thumb Code     0  exercise_2.o(.text)
    SSP1_IRQHandler                          0x000024e5   Thumb Code     0  exercise_2.o(.text)
    TIMER0_IRQHandler                        0x000024e5   Thumb Code     0  exercise_2.o(.text)
    TIMER1_IRQHandler                        0x000024e5   Thumb Code     0  exercise_2.o(.text)
    TIMER2_IRQHandler                        0x000024e5   Thumb Code     0  exercise_2.o(.text)
    TIMER3_IRQHandler                        0x000024e5   Thumb Code     0  exercise_2.o(.text)
    UART0_IRQHandler                         0x000024e5   Thumb Code     0  exercise_2.o(.text)
    UART1_IRQHandler                         0x000024e5   Thumb Code     0  exercise_2.o(.text)
    UART2_IRQHandler                         0x000024e5   Thumb Code     0  exercise_2.o(.text)
    UART3_IRQHandler                         0x000024e5   Thumb Code     0  exercise_2.o(.text)
    USBActivity_IRQHandler                   0x000024e5   Thumb Code     0  exercise_2.o(.text)
    USB_IRQHandler                           0x000024e5   Thumb Code     0  exercise_2.o(.text)
    WDT_IRQHandler                           0x000024e5   Thumb Code     0  exercise_2.o(.text)
    __initial_sp                             0x10000200   Data           0  exercise_2.o(STACK)



==============================================================================

Memory Map of the image

  Image Entry point : 0x00000301

  Load Region LR_1 (Base: 0x00000000, Size: 0x000024e8, Max: 0xffffffff, ABSOLUTE)

    Execution Region ER_RO (Exec base: 0x00000000, Load base: 0x00000000, Size: 0x000024e8, Max: 0xffffffff, ABSOLUTE)

    Exec Addr    Load Addr    Size         Type   Attr      Idx    E Section Name        Object

    0x00000000   0x00000000   0x000000cc   Data   RO            3    RESET               exercise_2.o
    0x000000cc   0x000000cc   0x00000230   PAD
    0x000002fc   0x000002fc   0x00000004   Code   RO            4    .ARM.__at_0x02FC    exercise_2.o
    0x00000300   0x00000300   0x000021e8   Code   RO            6  * .text               exercise_2.o


    Execution Region ER_RW (Exec base: 0x10000000, Load base: 0x000024e8, Size: 0x00000000, Max: 0xffffffff, ABSOLUTE)

    **** No section assigned to this execution region ****


    Execution Region ER_ZI (Exec base: 0x10000000, Load base: 0x000024e8, Size: 0x00000294, Max: 0xffffffff, ABSOLUTE)

    Exec Addr    Load Addr    Size         Type   Attr      Idx    E Section Name        Object

    0x10000000        -       0x00000200   Zero   RW            1    STACK               exercise_2.o
    0x10000200        -       0x00000094   Zero   RW            5    my_arrays           exercise_2.o


==============================================================================

Image component sizes


      Code (inc. data)   RO Data    RW Data    ZI Data      Debug   Object Name

      8684       8454        204          0        660       1140   exercise_2.o

    ----------------------------------------------------------------------
      8684       8454        764          0        660       1140   Object Totals
         0          0          0          0          0          0   (incl. Generated)
         0          0        560          0          0          0   (incl. Padding)

    ----------------------------------------------------------------------
         0          0          0          0          0          0   Library Totals
         0          0          0          0          0          0   (incl. Padding)

    ----------------------------------------------------------------------

==============================================================================


      Code (inc. data)   RO Data    RW Data    ZI Data      Debug   

      8684       8454        764          0        660       1140   Grand Totals
      8684       8454        764          0        660       1140   ELF Image Totals
      8684       8454        764          0          0          0   ROM Totals

==============================================================================

    Total RO  Size (Code + RO Data)                 9448 (   9.23kB)
    Total RW  Size (RW Data + ZI Data)               660 (   0.64kB)
    Total ROM Size (Code + RO Data + RW Data)       9448 (   9.23kB)

==============================================================================

