


ARM Macro Assembler    Page 1 


    1 00000000         
    2 00000000         
    3 00000000                 AREA             asm_functions, CODE, READONLY
    4 00000000                 EXPORT           ASM_funct
    5 00000000         ASM_funct
    6 00000000         ; save current SP for a faster access 
    7 00000000         ; to parameters in the stack
    8 00000000         ;MOV   r12, sp
    9 00000000         ; save volatile registers
   10 00000000 B500            PUSH{LR}
   11 00000002         ;STMFD sp!,{r4-r8,r10-r11,lr}    
   12 00000002         
   13 00000002         
   14 00000002         ; your code
   15 00000002 DF0A            SVC              0xA
   16 00000004         ; R0 ha il risultato
   17 00000004         ;MOV R12, SP
   18 00000004         ;LDR R0, [SP]
   19 00000004 BD00            POP              {PC}
   20 00000006         
   21 00000006                 END
Command Line: --debug --xref --diag_suppress=9931,A1950W --cpu=Cortex-M3 --depe
nd=.\objects\asm_funct.d -o.\objects\asm_funct.o -I.\Source -IC:\Users\andry\Ap
pData\Local\Arm\Packs\Keil\LPC1700_DFP\2.7.2\Device\Include --predefine="__EVAL
 SETA 1" --predefine="__UVISION_VERSION SETA 543" --predefine="LPC175x_6x SETA 
1" --list=.\listings\asm_funct.lst Source\ASM_funct.s



ARM Macro Assembler    Page 1 Alphabetic symbol ordering
Relocatable symbols

ASM_funct 00000000

Symbol: ASM_funct
   Definitions
      At line 5 in file Source\ASM_funct.s
   Uses
      At line 4 in file Source\ASM_funct.s
Comment: ASM_funct used once
asm_functions 00000000

Symbol: asm_functions
   Definitions
      At line 3 in file Source\ASM_funct.s
   Uses
      None
Comment: asm_functions unused
2 symbols
335 symbols in table
