


ARM Macro Assembler    Page 1 


    1 00000000         ;/******************************************************
                       ********************//**
    2 00000000         ; * @file     startup_LPC17xx.s
    3 00000000         ; * @brief    CMSIS Cortex-M3 Core Device Startup File f
                       or
    4 00000000         ; *           NXP LPC17xx Device Series
    5 00000000         ; * @version  V1.10
    6 00000000         ; * @date     06. April 2011
    7 00000000         ; *
    8 00000000         ; * @note
    9 00000000         ; * Copyright (C) 2009-2011 ARM Limited. All rights rese
                       rved.
   10 00000000         ; *
   11 00000000         ; * @par
   12 00000000         ; * ARM Limited (ARM) is supplying this software for use
                        with Cortex-M
   13 00000000         ; * processor based microcontrollers.  This file can be 
                       freely distributed
   14 00000000         ; * within development tools that are supporting such AR
                       M based processors.
   15 00000000         ; *
   16 00000000         ; * @par
   17 00000000         ; * THIS SOFTWARE IS PROVIDED "AS IS".  NO WARRANTIES, W
                       HETHER EXPRESS, IMPLIED
   18 00000000         ; * OR STATUTORY, INCLUDING, BUT NOT LIMITED TO, IMPLIED
                        WARRANTIES OF
   19 00000000         ; * MERCHANTABILITY AND FITNESS FOR A PARTICULAR PURPOSE
                        APPLY TO THIS SOFTWARE.
   20 00000000         ; * ARM SHALL NOT, IN ANY CIRCUMSTANCES, BE LIABLE FOR S
                       PECIAL, INCIDENTAL, OR
   21 00000000         ; * CONSEQUENTIAL DAMAGES, FOR ANY REASON WHATSOEVER.
   22 00000000         ; *
   23 00000000         ; ******************************************************
                       ************************/
   24 00000000         
   25 00000000         ; *------- <<< Use Configuration Wizard in Context Menu 
                       >>> ------------------
   26 00000000         
   27 00000000         ; <h> Stack Configuration
   28 00000000         ;   <o> Stack Size (in Bytes) <0x0-0xFFFFFFFF:8>
   29 00000000         ; </h>
   30 00000000         
   31 00000000 00000200 
                       Stack_Size
                               EQU              0x00000200
   32 00000000         
   33 00000000                 AREA             STACK, NOINIT, READWRITE, ALIGN
=3
   34 00000000                 SPACE            Stack_Size/2 ;MSP
   35 00000100         Stack_Mem
                               SPACE            Stack_Size/2 ;PSP
   36 00000200         __initial_sp
   37 00000200         
   38 00000200         
   39 00000200         ; <h> Heap Configuration
   40 00000200         ;   <o>  Heap Size (in Bytes) <0x0-0xFFFFFFFF:8>
   41 00000200         ; </h>
   42 00000200         
   43 00000200 00000000 



ARM Macro Assembler    Page 2 


                       Heap_Size
                               EQU              0x00000000
   44 00000200         
   45 00000200                 AREA             HEAP, NOINIT, READWRITE, ALIGN=
3
   46 00000000         __heap_base
   47 00000000         Heap_Mem
                               SPACE            Heap_Size
   48 00000000         __heap_limit
   49 00000000         
   50 00000000         
   51 00000000                 PRESERVE8
   52 00000000                 THUMB
   53 00000000         
   54 00000000         
   55 00000000         ; Vector Table Mapped to Address 0 at Reset
   56 00000000         
   57 00000000                 AREA             RESET, DATA, READONLY
   58 00000000                 EXPORT           __Vectors
   59 00000000         
   60 00000000 00000000 
                       __Vectors
                               DCD              __initial_sp ; Top of Stack
   61 00000004 00000000        DCD              Reset_Handler ; Reset Handler
   62 00000008 00000000        DCD              NMI_Handler ; NMI Handler
   63 0000000C 00000000        DCD              HardFault_Handler ; Hard Fault 
                                                            Handler
   64 00000010 00000000        DCD              MemManage_Handler 
                                                            ; MPU Fault Handler
                                                            
   65 00000014 00000000        DCD              BusFault_Handler 
                                                            ; Bus Fault Handler
                                                            
   66 00000018 00000000        DCD              UsageFault_Handler ; Usage Faul
                                                            t Handler
   67 0000001C 00000000        DCD              0           ; Reserved
   68 00000020 00000000        DCD              0           ; Reserved
   69 00000024 00000000        DCD              0           ; Reserved
   70 00000028 00000000        DCD              0           ; Reserved
   71 0000002C 00000000        DCD              SVC_Handler ; SVCall Handler
   72 00000030 00000000        DCD              DebugMon_Handler ; Debug Monito
                                                            r Handler
   73 00000034 00000000        DCD              0           ; Reserved
   74 00000038 00000000        DCD              PendSV_Handler ; PendSV Handler
                                                            
   75 0000003C 00000000        DCD              SysTick_Handler 
                                                            ; SysTick Handler
   76 00000040         
   77 00000040         ; External Interrupts
   78 00000040 00000000        DCD              WDT_IRQHandler ; 16: Watchdog T
                                                            imer
   79 00000044 00000000        DCD              TIMER0_IRQHandler ; 17: Timer0
   80 00000048 00000000        DCD              TIMER1_IRQHandler ; 18: Timer1
   81 0000004C 00000000        DCD              TIMER2_IRQHandler ; 19: Timer2
   82 00000050 00000000        DCD              TIMER3_IRQHandler ; 20: Timer3
   83 00000054 00000000        DCD              UART0_IRQHandler ; 21: UART0
   84 00000058 00000000        DCD              UART1_IRQHandler ; 22: UART1
   85 0000005C 00000000        DCD              UART2_IRQHandler ; 23: UART2
   86 00000060 00000000        DCD              UART3_IRQHandler ; 24: UART3



ARM Macro Assembler    Page 3 


   87 00000064 00000000        DCD              PWM1_IRQHandler ; 25: PWM1
   88 00000068 00000000        DCD              I2C0_IRQHandler ; 26: I2C0
   89 0000006C 00000000        DCD              I2C1_IRQHandler ; 27: I2C1
   90 00000070 00000000        DCD              I2C2_IRQHandler ; 28: I2C2
   91 00000074 00000000        DCD              SPI_IRQHandler ; 29: SPI
   92 00000078 00000000        DCD              SSP0_IRQHandler ; 30: SSP0
   93 0000007C 00000000        DCD              SSP1_IRQHandler ; 31: SSP1
   94 00000080 00000000        DCD              PLL0_IRQHandler ; 32: PLL0 Lock
                                                             (Main PLL)
   95 00000084 00000000        DCD              RTC_IRQHandler ; 33: Real Time 
                                                            Clock
   96 00000088 00000000        DCD              EINT0_IRQHandler ; 34: External
                                                             Interrupt 0
   97 0000008C 00000000        DCD              EINT1_IRQHandler ; 35: External
                                                             Interrupt 1
   98 00000090 00000000        DCD              EINT2_IRQHandler ; 36: External
                                                             Interrupt 2
   99 00000094 00000000        DCD              EINT3_IRQHandler ; 37: External
                                                             Interrupt 3
  100 00000098 00000000        DCD              ADC_IRQHandler 
                                                            ; 38: A/D Converter
                                                            
  101 0000009C 00000000        DCD              BOD_IRQHandler ; 39: Brown-Out 
                                                            Detect
  102 000000A0 00000000        DCD              USB_IRQHandler ; 40: USB
  103 000000A4 00000000        DCD              CAN_IRQHandler ; 41: CAN
  104 000000A8 00000000        DCD              DMA_IRQHandler ; 42: General Pu
                                                            rpose DMA
  105 000000AC 00000000        DCD              I2S_IRQHandler ; 43: I2S
  106 000000B0 00000000        DCD              ENET_IRQHandler ; 44: Ethernet
  107 000000B4 00000000        DCD              RIT_IRQHandler ; 45: Repetitive
                                                             Interrupt Timer
  108 000000B8 00000000        DCD              MCPWM_IRQHandler ; 46: Motor Co
                                                            ntrol PWM
  109 000000BC 00000000        DCD              QEI_IRQHandler ; 47: Quadrature
                                                             Encoder Interface
  110 000000C0 00000000        DCD              PLL1_IRQHandler ; 48: PLL1 Lock
                                                             (USB PLL)
  111 000000C4 00000000        DCD              USBActivity_IRQHandler ; 49: US
                                                            B Activity interrup
                                                            t to wakeup
  112 000000C8 00000000        DCD              CANActivity_IRQHandler ; 50: CA
                                                            N Activity interrup
                                                            t to wakeup
  113 000000CC         
  114 000000CC         
  115 000000CC                 IF               :LNOT::DEF:NO_CRP
  116 000000CC                 AREA             |.ARM.__at_0x02FC|, CODE, READO
NLY
  117 00000000 FFFFFFFF 
                       CRP_Key DCD              0xFFFFFFFF
  118 00000004                 ENDIF
  119 00000004         
  120 00000004         
  121 00000004                 AREA             |.text|, CODE, READONLY
  122 00000000         
  123 00000000         
  124 00000000         ; Reset Handler
  125 00000000         



ARM Macro Assembler    Page 4 


  126 00000000         Reset_Handler
                               PROC
  127 00000000                 EXPORT           Reset_Handler             [WEAK
]
  128 00000000         
  129 00000000 4830            LDR              R0, =Stack_Mem
  130 00000002 F380 8809       MSR              PSP, R0
  131 00000006         
  132 00000006 F04F 0003       MOV              R0, #3
  133 0000000A F380 8814       MSR              CONTROL, R0
  134 0000000E         
  135 0000000E                 IMPORT           __main
  136 0000000E 482E            LDR              R0, =__main
  137 00000010 492E            LDR              R1, =Heap_Mem
  138 00000012 4700            BX               R0
  139 00000014         
  140 00000014 6801            LDR              R1, [R0]
  141 00000016         
  142 00000016         
  143 00000016                 ENDP
  144 00000016         
  145 00000016         ; Dummy Exception Handlers (infinite loops which can be 
                       modified)
  146 00000016         
  147 00000016         NMI_Handler
                               PROC
  148 00000016                 EXPORT           NMI_Handler               [WEAK
]
  149 00000016 E7FE            B                .
  150 00000018                 ENDP
  152 00000018         HardFault_Handler
                               PROC
  153 00000018                 EXPORT           HardFault_Handler         [WEAK
]
  154 00000018 E7FE            B                .
  155 0000001A                 ENDP
  157 0000001A         MemManage_Handler
                               PROC
  158 0000001A                 EXPORT           MemManage_Handler         [WEAK
]
  159 0000001A E7FE            B                .
  160 0000001C                 ENDP
  162 0000001C         BusFault_Handler
                               PROC
  163 0000001C                 EXPORT           BusFault_Handler          [WEAK
]
  164 0000001C E7FE            B                .
  165 0000001E                 ENDP
  167 0000001E         UsageFault_Handler
                               PROC
  168 0000001E                 EXPORT           UsageFault_Handler        [WEAK
]
  169 0000001E E7FE            B                .
  170 00000020                 ENDP
  171 00000020         SVC_Handler
                               PROC
  172 00000020                 EXPORT           SVC_Handler               [WEAK
]
  173 00000020         



ARM Macro Assembler    Page 5 


  174 00000020         
  175 00000020 B500            PUSH             {LR}
  176 00000022         ;check the less significant byte in the LR to understand
                        which was the SP used before the SVC
  177 00000022         
  178 00000022         ;LR->0100 only bit 2 is to check 
  179 00000022         ;D=  1101 -> PSP
  180 00000022         ;9=  1001 -> MSP
  181 00000022         ;1=  0001 -> MSP
  182 00000022         
  183 00000022 F01E 0F04       TST              LR, #4
  184 00000026         
  185 00000026 BF0C F3EF 
              8108             MRSEQ            R1, MSP
  186 0000002C F3EF 8109       MRSNE            R1, PSP
  187 00000030 468C            MOV              R12, R1
  188 00000032         
  189 00000032 BF0C 6D08       LDREQ            R0, [R1, #20*4]
  190 00000036 6988            LDRNE            R0, [R1, #6*4]
  191 00000038         
  192 00000038         
  193 00000038 F850 0C04       LDR              R0, [R0,#-4]
  194 0000003C F020 407F       BIC              R0, #0xFF000000
  195 00000040 EA4F 4010       LSR              R0, #16
  196 00000044         ; your code here
  197 00000044         ; R0 = 1010 = 0xA
  198 00000044         
  199 00000044         
  200 00000044         ; d4 = R4
  201 00000044         ; R0 = 1010b = 0xA
  202 00000044         
  203 00000044         ;d1 = R1
  204 00000044 EA4F 01D0       LSR              R1, R0, #3
  205 00000048 F001 0101       AND              R1, R1, #1
  206 0000004C         
  207 0000004C         ;d2 = R2      
  208 0000004C EA4F 0290       LSR              R2, R0, #2
  209 00000050 F002 0201       AND              R2, R2, #1
  210 00000054         
  211 00000054         ;d3 = R3      
  212 00000054 EA4F 0350       LSR              R3, R0, #1
  213 00000058 F003 0301       AND              R3, R3, #1
  214 0000005C         
  215 0000005C         ;d4 = R4      
  216 0000005C F000 0401       AND              R4, R0, #1
  217 00000060         
  218 00000060         ; bit di parita
  219 00000060         
  220 00000060         ; p1 -> R5 = d1 XOR d2 XOR d4
  221 00000060 EA81 0502       EOR              R5, R1, R2
  222 00000064 EA85 0504       EOR              R5, R5, R4
  223 00000068         
  224 00000068         ; p2 -> R6 = d1 XOR d3 XOR d4
  225 00000068 EA81 0603       EOR              R6, R1, R3
  226 0000006C EA86 0604       EOR              R6, R6, R4
  227 00000070         
  228 00000070         ; p3 -> R7 = d2 XOR d3 XOR d4
  229 00000070 EA82 0703       EOR              R7, R2, R3
  230 00000074 EA87 0704       EOR              R7, R7, R4



ARM Macro Assembler    Page 6 


  231 00000078         
  232 00000078         ; R0 = p1 p2 d1 p3 d2 d3 d4
  233 00000078         ; R0 = R5, R6, R1, R7, R2, R3, R4
  234 00000078 4628            MOV              R0, R5
  235 0000007A EA4F 0040       LSL              R0, #1
  236 0000007E         
  237 0000007E EA80 0006       EOR              R0, R0, R6  ; R0 = p1 p2
  238 00000082         
  239 00000082 EA4F 0040       LSL              R0, #1
  240 00000086 EA80 0001       EOR              R0, R0, R1  ; R0 = p1 p2 R1 
  241 0000008A         
  242 0000008A EA4F 0040       LSL              R0, #1
  243 0000008E EA80 0007       EOR              R0, R0, R7  ; R0 = p1 p2 R1 R7
  244 00000092         
  245 00000092 EA4F 0040       LSL              R0, #1
  246 00000096 EA80 0002       EOR              R0, R0, R2  ; R0 = p1 p2 R1 R7 
                                                            R2
  247 0000009A         
  248 0000009A EA4F 0040       LSL              R0, #1
  249 0000009E EA80 0003       EOR              R0, R0, R3  ; R0 = p1 p2 R1 R7 
                                                            R2 R3
  250 000000A2         
  251 000000A2 EA4F 0040       LSL              R0, #1
  252 000000A6 EA80 0004       EOR              R0, R0, R4  ; R0 = p1 p2 R1 R7 
                                                            R2 R3 R4
  253 000000AA         
  254 000000AA F8CC 0000       STR              R0, [R12]   ; salvo R1 su PSP
  255 000000AE BD00            POP{PC}
  256 000000B0                 ENDP
  258 000000B0         DebugMon_Handler
                               PROC
  259 000000B0                 EXPORT           DebugMon_Handler          [WEAK
]
  260 000000B0 E7FE            B                .
  261 000000B2                 ENDP
  262 000000B2         PendSV_Handler
                               PROC
  263 000000B2                 EXPORT           PendSV_Handler            [WEAK
]
  264 000000B2 E7FE            B                .
  265 000000B4                 ENDP
  266 000000B4         SysTick_Handler
                               PROC
  267 000000B4                 EXPORT           SysTick_Handler           [WEAK
]
  268 000000B4 E7FE            B                .
  269 000000B6                 ENDP
  270 000000B6         
  271 000000B6         Default_Handler
                               PROC
  272 000000B6         
  273 000000B6                 EXPORT           WDT_IRQHandler            [WEAK
]
  274 000000B6                 EXPORT           TIMER0_IRQHandler         [WEAK
]
  275 000000B6                 EXPORT           TIMER1_IRQHandler         [WEAK
]
  276 000000B6                 EXPORT           TIMER2_IRQHandler         [WEAK
]



ARM Macro Assembler    Page 7 


  277 000000B6                 EXPORT           TIMER3_IRQHandler         [WEAK
]
  278 000000B6                 EXPORT           UART0_IRQHandler          [WEAK
]
  279 000000B6                 EXPORT           UART1_IRQHandler          [WEAK
]
  280 000000B6                 EXPORT           UART2_IRQHandler          [WEAK
]
  281 000000B6                 EXPORT           UART3_IRQHandler          [WEAK
]
  282 000000B6                 EXPORT           PWM1_IRQHandler           [WEAK
]
  283 000000B6                 EXPORT           I2C0_IRQHandler           [WEAK
]
  284 000000B6                 EXPORT           I2C1_IRQHandler           [WEAK
]
  285 000000B6                 EXPORT           I2C2_IRQHandler           [WEAK
]
  286 000000B6                 EXPORT           SPI_IRQHandler            [WEAK
]
  287 000000B6                 EXPORT           SSP0_IRQHandler           [WEAK
]
  288 000000B6                 EXPORT           SSP1_IRQHandler           [WEAK
]
  289 000000B6                 EXPORT           PLL0_IRQHandler           [WEAK
]
  290 000000B6                 EXPORT           RTC_IRQHandler            [WEAK
]
  291 000000B6                 EXPORT           EINT0_IRQHandler          [WEAK
]
  292 000000B6                 EXPORT           EINT1_IRQHandler          [WEAK
]
  293 000000B6                 EXPORT           EINT2_IRQHandler          [WEAK
]
  294 000000B6                 EXPORT           EINT3_IRQHandler          [WEAK
]
  295 000000B6                 EXPORT           ADC_IRQHandler            [WEAK
]
  296 000000B6                 EXPORT           BOD_IRQHandler            [WEAK
]
  297 000000B6                 EXPORT           USB_IRQHandler            [WEAK
]
  298 000000B6                 EXPORT           CAN_IRQHandler            [WEAK
]
  299 000000B6                 EXPORT           DMA_IRQHandler            [WEAK
]
  300 000000B6                 EXPORT           I2S_IRQHandler            [WEAK
]
  301 000000B6                 EXPORT           ENET_IRQHandler           [WEAK
]
  302 000000B6                 EXPORT           RIT_IRQHandler            [WEAK
]
  303 000000B6                 EXPORT           MCPWM_IRQHandler          [WEAK
]
  304 000000B6                 EXPORT           QEI_IRQHandler            [WEAK
]
  305 000000B6                 EXPORT           PLL1_IRQHandler           [WEAK
]
  306 000000B6                 EXPORT           USBActivity_IRQHandler    [WEAK



ARM Macro Assembler    Page 8 


]
  307 000000B6                 EXPORT           CANActivity_IRQHandler    [WEAK
]
  308 000000B6         
  309 000000B6         WDT_IRQHandler
  310 000000B6         TIMER0_IRQHandler
  311 000000B6         TIMER1_IRQHandler
  312 000000B6         TIMER2_IRQHandler
  313 000000B6         TIMER3_IRQHandler
  314 000000B6         UART0_IRQHandler
  315 000000B6         UART1_IRQHandler
  316 000000B6         UART2_IRQHandler
  317 000000B6         UART3_IRQHandler
  318 000000B6         PWM1_IRQHandler
  319 000000B6         I2C0_IRQHandler
  320 000000B6         I2C1_IRQHandler
  321 000000B6         I2C2_IRQHandler
  322 000000B6         SPI_IRQHandler
  323 000000B6         SSP0_IRQHandler
  324 000000B6         SSP1_IRQHandler
  325 000000B6         PLL0_IRQHandler
  326 000000B6         RTC_IRQHandler
  327 000000B6         EINT0_IRQHandler
  328 000000B6         EINT1_IRQHandler
  329 000000B6         EINT2_IRQHandler
  330 000000B6         EINT3_IRQHandler
  331 000000B6         ADC_IRQHandler
  332 000000B6         BOD_IRQHandler
  333 000000B6         USB_IRQHandler
  334 000000B6         CAN_IRQHandler
  335 000000B6         DMA_IRQHandler
  336 000000B6         I2S_IRQHandler
  337 000000B6         ENET_IRQHandler
  338 000000B6         RIT_IRQHandler
  339 000000B6         MCPWM_IRQHandler
  340 000000B6         QEI_IRQHandler
  341 000000B6         PLL1_IRQHandler
  342 000000B6         USBActivity_IRQHandler
  343 000000B6         CANActivity_IRQHandler
  344 000000B6         
  345 000000B6 E7FE            B                .
  346 000000B8         
  347 000000B8                 ENDP
  348 000000B8         
  349 000000B8         
  350 000000B8                 ALIGN
  351 000000B8         
  352 000000B8         
  353 000000B8         ; User Initial Stack & Heap
  354 000000B8         
  355 000000B8                 IF               :DEF:__MICROLIB
  362 000000B8         
  363 000000B8                 IMPORT           __use_two_region_memory
  364 000000B8                 EXPORT           __user_initial_stackheap
  365 000000B8         __user_initial_stackheap
  366 000000B8         
  367 000000B8 4804            LDR              R0, =  Heap_Mem
  368 000000BA 4905            LDR              R1, =(Stack_Mem + Stack_Size)
  369 000000BC 4A03            LDR              R2, = (Heap_Mem +  Heap_Size)



ARM Macro Assembler    Page 9 


  370 000000BE 4B01            LDR              R3, = Stack_Mem
  371 000000C0 4770            BX               LR
  372 000000C2         
  373 000000C2 00 00           ALIGN
  374 000000C4         
  375 000000C4                 ENDIF
  376 000000C4         
  377 000000C4         
  378 000000C4                 END
              00000000 
              00000000 
              00000000 
              00000200 
Command Line: --debug --xref --diag_suppress=9931,A1950W --cpu=Cortex-M3 --depe
nd=.\objects\startup_lpc17xx.d -o.\objects\startup_lpc17xx.o -I.\Source -IC:\Us
ers\andry\AppData\Local\Arm\Packs\Keil\LPC1700_DFP\2.7.2\Device\Include --prede
fine="__EVAL SETA 1" --predefine="__UVISION_VERSION SETA 543" --predefine="LPC1
75x_6x SETA 1" --list=.\listings\startup_lpc17xx.lst Source\startup_LPC17xx.s



ARM Macro Assembler    Page 1 Alphabetic symbol ordering
Relocatable symbols

STACK 00000000

Symbol: STACK
   Definitions
      At line 33 in file Source\startup_LPC17xx.s
   Uses
      None
Comment: STACK unused
Stack_Mem 00000100

Symbol: Stack_Mem
   Definitions
      At line 35 in file Source\startup_LPC17xx.s
   Uses
      At line 129 in file Source\startup_LPC17xx.s
      At line 368 in file Source\startup_LPC17xx.s
      At line 370 in file Source\startup_LPC17xx.s

__initial_sp 00000200

Symbol: __initial_sp
   Definitions
      At line 36 in file Source\startup_LPC17xx.s
   Uses
      At line 60 in file Source\startup_LPC17xx.s
Comment: __initial_sp used once
3 symbols



ARM Macro Assembler    Page 1 Alphabetic symbol ordering
Relocatable symbols

HEAP 00000000

Symbol: HEAP
   Definitions
      At line 45 in file Source\startup_LPC17xx.s
   Uses
      None
Comment: HEAP unused
Heap_Mem 00000000

Symbol: Heap_Mem
   Definitions
      At line 47 in file Source\startup_LPC17xx.s
   Uses
      At line 137 in file Source\startup_LPC17xx.s
      At line 367 in file Source\startup_LPC17xx.s
      At line 369 in file Source\startup_LPC17xx.s

__heap_base 00000000

Symbol: __heap_base
   Definitions
      At line 46 in file Source\startup_LPC17xx.s
   Uses
      None
Comment: __heap_base unused
__heap_limit 00000000

Symbol: __heap_limit
   Definitions
      At line 48 in file Source\startup_LPC17xx.s
   Uses
      None
Comment: __heap_limit unused
4 symbols



ARM Macro Assembler    Page 1 Alphabetic symbol ordering
Relocatable symbols

RESET 00000000

Symbol: RESET
   Definitions
      At line 57 in file Source\startup_LPC17xx.s
   Uses
      None
Comment: RESET unused
__Vectors 00000000

Symbol: __Vectors
   Definitions
      At line 60 in file Source\startup_LPC17xx.s
   Uses
      At line 58 in file Source\startup_LPC17xx.s
Comment: __Vectors used once
2 symbols



ARM Macro Assembler    Page 1 Alphabetic symbol ordering
Relocatable symbols

.ARM.__at_0x02FC 00000000

Symbol: .ARM.__at_0x02FC
   Definitions
      At line 116 in file Source\startup_LPC17xx.s
   Uses
      None
Comment: .ARM.__at_0x02FC unused
CRP_Key 00000000

Symbol: CRP_Key
   Definitions
      At line 117 in file Source\startup_LPC17xx.s
   Uses
      None
Comment: CRP_Key unused
2 symbols



ARM Macro Assembler    Page 1 Alphabetic symbol ordering
Relocatable symbols

.text 00000000

Symbol: .text
   Definitions
      At line 121 in file Source\startup_LPC17xx.s
   Uses
      None
Comment: .text unused
ADC_IRQHandler 000000B6

Symbol: ADC_IRQHandler
   Definitions
      At line 331 in file Source\startup_LPC17xx.s
   Uses
      At line 100 in file Source\startup_LPC17xx.s
      At line 295 in file Source\startup_LPC17xx.s

BOD_IRQHandler 000000B6

Symbol: BOD_IRQHandler
   Definitions
      At line 332 in file Source\startup_LPC17xx.s
   Uses
      At line 101 in file Source\startup_LPC17xx.s
      At line 296 in file Source\startup_LPC17xx.s

BusFault_Handler 0000001C

Symbol: BusFault_Handler
   Definitions
      At line 162 in file Source\startup_LPC17xx.s
   Uses
      At line 65 in file Source\startup_LPC17xx.s
      At line 163 in file Source\startup_LPC17xx.s

CANActivity_IRQHandler 000000B6

Symbol: CANActivity_IRQHandler
   Definitions
      At line 343 in file Source\startup_LPC17xx.s
   Uses
      At line 112 in file Source\startup_LPC17xx.s
      At line 307 in file Source\startup_LPC17xx.s

CAN_IRQHandler 000000B6

Symbol: CAN_IRQHandler
   Definitions
      At line 334 in file Source\startup_LPC17xx.s
   Uses
      At line 103 in file Source\startup_LPC17xx.s
      At line 298 in file Source\startup_LPC17xx.s

DMA_IRQHandler 000000B6

Symbol: DMA_IRQHandler
   Definitions
      At line 335 in file Source\startup_LPC17xx.s
   Uses



ARM Macro Assembler    Page 2 Alphabetic symbol ordering
Relocatable symbols

      At line 104 in file Source\startup_LPC17xx.s
      At line 299 in file Source\startup_LPC17xx.s

DebugMon_Handler 000000B0

Symbol: DebugMon_Handler
   Definitions
      At line 258 in file Source\startup_LPC17xx.s
   Uses
      At line 72 in file Source\startup_LPC17xx.s
      At line 259 in file Source\startup_LPC17xx.s

Default_Handler 000000B6

Symbol: Default_Handler
   Definitions
      At line 271 in file Source\startup_LPC17xx.s
   Uses
      None
Comment: Default_Handler unused
EINT0_IRQHandler 000000B6

Symbol: EINT0_IRQHandler
   Definitions
      At line 327 in file Source\startup_LPC17xx.s
   Uses
      At line 96 in file Source\startup_LPC17xx.s
      At line 291 in file Source\startup_LPC17xx.s

EINT1_IRQHandler 000000B6

Symbol: EINT1_IRQHandler
   Definitions
      At line 328 in file Source\startup_LPC17xx.s
   Uses
      At line 97 in file Source\startup_LPC17xx.s
      At line 292 in file Source\startup_LPC17xx.s

EINT2_IRQHandler 000000B6

Symbol: EINT2_IRQHandler
   Definitions
      At line 329 in file Source\startup_LPC17xx.s
   Uses
      At line 98 in file Source\startup_LPC17xx.s
      At line 293 in file Source\startup_LPC17xx.s

EINT3_IRQHandler 000000B6

Symbol: EINT3_IRQHandler
   Definitions
      At line 330 in file Source\startup_LPC17xx.s
   Uses
      At line 99 in file Source\startup_LPC17xx.s
      At line 294 in file Source\startup_LPC17xx.s

ENET_IRQHandler 000000B6

Symbol: ENET_IRQHandler



ARM Macro Assembler    Page 3 Alphabetic symbol ordering
Relocatable symbols

   Definitions
      At line 337 in file Source\startup_LPC17xx.s
   Uses
      At line 106 in file Source\startup_LPC17xx.s
      At line 301 in file Source\startup_LPC17xx.s

HardFault_Handler 00000018

Symbol: HardFault_Handler
   Definitions
      At line 152 in file Source\startup_LPC17xx.s
   Uses
      At line 63 in file Source\startup_LPC17xx.s
      At line 153 in file Source\startup_LPC17xx.s

I2C0_IRQHandler 000000B6

Symbol: I2C0_IRQHandler
   Definitions
      At line 319 in file Source\startup_LPC17xx.s
   Uses
      At line 88 in file Source\startup_LPC17xx.s
      At line 283 in file Source\startup_LPC17xx.s

I2C1_IRQHandler 000000B6

Symbol: I2C1_IRQHandler
   Definitions
      At line 320 in file Source\startup_LPC17xx.s
   Uses
      At line 89 in file Source\startup_LPC17xx.s
      At line 284 in file Source\startup_LPC17xx.s

I2C2_IRQHandler 000000B6

Symbol: I2C2_IRQHandler
   Definitions
      At line 321 in file Source\startup_LPC17xx.s
   Uses
      At line 90 in file Source\startup_LPC17xx.s
      At line 285 in file Source\startup_LPC17xx.s

I2S_IRQHandler 000000B6

Symbol: I2S_IRQHandler
   Definitions
      At line 336 in file Source\startup_LPC17xx.s
   Uses
      At line 105 in file Source\startup_LPC17xx.s
      At line 300 in file Source\startup_LPC17xx.s

MCPWM_IRQHandler 000000B6

Symbol: MCPWM_IRQHandler
   Definitions
      At line 339 in file Source\startup_LPC17xx.s
   Uses
      At line 108 in file Source\startup_LPC17xx.s
      At line 303 in file Source\startup_LPC17xx.s



ARM Macro Assembler    Page 4 Alphabetic symbol ordering
Relocatable symbols


MemManage_Handler 0000001A

Symbol: MemManage_Handler
   Definitions
      At line 157 in file Source\startup_LPC17xx.s
   Uses
      At line 64 in file Source\startup_LPC17xx.s
      At line 158 in file Source\startup_LPC17xx.s

NMI_Handler 00000016

Symbol: NMI_Handler
   Definitions
      At line 147 in file Source\startup_LPC17xx.s
   Uses
      At line 62 in file Source\startup_LPC17xx.s
      At line 148 in file Source\startup_LPC17xx.s

PLL0_IRQHandler 000000B6

Symbol: PLL0_IRQHandler
   Definitions
      At line 325 in file Source\startup_LPC17xx.s
   Uses
      At line 94 in file Source\startup_LPC17xx.s
      At line 289 in file Source\startup_LPC17xx.s

PLL1_IRQHandler 000000B6

Symbol: PLL1_IRQHandler
   Definitions
      At line 341 in file Source\startup_LPC17xx.s
   Uses
      At line 110 in file Source\startup_LPC17xx.s
      At line 305 in file Source\startup_LPC17xx.s

PWM1_IRQHandler 000000B6

Symbol: PWM1_IRQHandler
   Definitions
      At line 318 in file Source\startup_LPC17xx.s
   Uses
      At line 87 in file Source\startup_LPC17xx.s
      At line 282 in file Source\startup_LPC17xx.s

PendSV_Handler 000000B2

Symbol: PendSV_Handler
   Definitions
      At line 262 in file Source\startup_LPC17xx.s
   Uses
      At line 74 in file Source\startup_LPC17xx.s
      At line 263 in file Source\startup_LPC17xx.s

QEI_IRQHandler 000000B6

Symbol: QEI_IRQHandler
   Definitions



ARM Macro Assembler    Page 5 Alphabetic symbol ordering
Relocatable symbols

      At line 340 in file Source\startup_LPC17xx.s
   Uses
      At line 109 in file Source\startup_LPC17xx.s
      At line 304 in file Source\startup_LPC17xx.s

RIT_IRQHandler 000000B6

Symbol: RIT_IRQHandler
   Definitions
      At line 338 in file Source\startup_LPC17xx.s
   Uses
      At line 107 in file Source\startup_LPC17xx.s
      At line 302 in file Source\startup_LPC17xx.s

RTC_IRQHandler 000000B6

Symbol: RTC_IRQHandler
   Definitions
      At line 326 in file Source\startup_LPC17xx.s
   Uses
      At line 95 in file Source\startup_LPC17xx.s
      At line 290 in file Source\startup_LPC17xx.s

Reset_Handler 00000000

Symbol: Reset_Handler
   Definitions
      At line 126 in file Source\startup_LPC17xx.s
   Uses
      At line 61 in file Source\startup_LPC17xx.s
      At line 127 in file Source\startup_LPC17xx.s

SPI_IRQHandler 000000B6

Symbol: SPI_IRQHandler
   Definitions
      At line 322 in file Source\startup_LPC17xx.s
   Uses
      At line 91 in file Source\startup_LPC17xx.s
      At line 286 in file Source\startup_LPC17xx.s

SSP0_IRQHandler 000000B6

Symbol: SSP0_IRQHandler
   Definitions
      At line 323 in file Source\startup_LPC17xx.s
   Uses
      At line 92 in file Source\startup_LPC17xx.s
      At line 287 in file Source\startup_LPC17xx.s

SSP1_IRQHandler 000000B6

Symbol: SSP1_IRQHandler
   Definitions
      At line 324 in file Source\startup_LPC17xx.s
   Uses
      At line 93 in file Source\startup_LPC17xx.s
      At line 288 in file Source\startup_LPC17xx.s




ARM Macro Assembler    Page 6 Alphabetic symbol ordering
Relocatable symbols

SVC_Handler 00000020

Symbol: SVC_Handler
   Definitions
      At line 171 in file Source\startup_LPC17xx.s
   Uses
      At line 71 in file Source\startup_LPC17xx.s
      At line 172 in file Source\startup_LPC17xx.s

SysTick_Handler 000000B4

Symbol: SysTick_Handler
   Definitions
      At line 266 in file Source\startup_LPC17xx.s
   Uses
      At line 75 in file Source\startup_LPC17xx.s
      At line 267 in file Source\startup_LPC17xx.s

TIMER0_IRQHandler 000000B6

Symbol: TIMER0_IRQHandler
   Definitions
      At line 310 in file Source\startup_LPC17xx.s
   Uses
      At line 79 in file Source\startup_LPC17xx.s
      At line 274 in file Source\startup_LPC17xx.s

TIMER1_IRQHandler 000000B6

Symbol: TIMER1_IRQHandler
   Definitions
      At line 311 in file Source\startup_LPC17xx.s
   Uses
      At line 80 in file Source\startup_LPC17xx.s
      At line 275 in file Source\startup_LPC17xx.s

TIMER2_IRQHandler 000000B6

Symbol: TIMER2_IRQHandler
   Definitions
      At line 312 in file Source\startup_LPC17xx.s
   Uses
      At line 81 in file Source\startup_LPC17xx.s
      At line 276 in file Source\startup_LPC17xx.s

TIMER3_IRQHandler 000000B6

Symbol: TIMER3_IRQHandler
   Definitions
      At line 313 in file Source\startup_LPC17xx.s
   Uses
      At line 82 in file Source\startup_LPC17xx.s
      At line 277 in file Source\startup_LPC17xx.s

UART0_IRQHandler 000000B6

Symbol: UART0_IRQHandler
   Definitions
      At line 314 in file Source\startup_LPC17xx.s



ARM Macro Assembler    Page 7 Alphabetic symbol ordering
Relocatable symbols

   Uses
      At line 83 in file Source\startup_LPC17xx.s
      At line 278 in file Source\startup_LPC17xx.s

UART1_IRQHandler 000000B6

Symbol: UART1_IRQHandler
   Definitions
      At line 315 in file Source\startup_LPC17xx.s
   Uses
      At line 84 in file Source\startup_LPC17xx.s
      At line 279 in file Source\startup_LPC17xx.s

UART2_IRQHandler 000000B6

Symbol: UART2_IRQHandler
   Definitions
      At line 316 in file Source\startup_LPC17xx.s
   Uses
      At line 85 in file Source\startup_LPC17xx.s
      At line 280 in file Source\startup_LPC17xx.s

UART3_IRQHandler 000000B6

Symbol: UART3_IRQHandler
   Definitions
      At line 317 in file Source\startup_LPC17xx.s
   Uses
      At line 86 in file Source\startup_LPC17xx.s
      At line 281 in file Source\startup_LPC17xx.s

USBActivity_IRQHandler 000000B6

Symbol: USBActivity_IRQHandler
   Definitions
      At line 342 in file Source\startup_LPC17xx.s
   Uses
      At line 111 in file Source\startup_LPC17xx.s
      At line 306 in file Source\startup_LPC17xx.s

USB_IRQHandler 000000B6

Symbol: USB_IRQHandler
   Definitions
      At line 333 in file Source\startup_LPC17xx.s
   Uses
      At line 102 in file Source\startup_LPC17xx.s
      At line 297 in file Source\startup_LPC17xx.s

UsageFault_Handler 0000001E

Symbol: UsageFault_Handler
   Definitions
      At line 167 in file Source\startup_LPC17xx.s
   Uses
      At line 66 in file Source\startup_LPC17xx.s
      At line 168 in file Source\startup_LPC17xx.s

WDT_IRQHandler 000000B6



ARM Macro Assembler    Page 8 Alphabetic symbol ordering
Relocatable symbols


Symbol: WDT_IRQHandler
   Definitions
      At line 309 in file Source\startup_LPC17xx.s
   Uses
      At line 78 in file Source\startup_LPC17xx.s
      At line 273 in file Source\startup_LPC17xx.s

__user_initial_stackheap 000000B8

Symbol: __user_initial_stackheap
   Definitions
      At line 365 in file Source\startup_LPC17xx.s
   Uses
      At line 364 in file Source\startup_LPC17xx.s
Comment: __user_initial_stackheap used once
48 symbols



ARM Macro Assembler    Page 1 Alphabetic symbol ordering
Absolute symbols

Heap_Size 00000000

Symbol: Heap_Size
   Definitions
      At line 43 in file Source\startup_LPC17xx.s
   Uses
      At line 47 in file Source\startup_LPC17xx.s
      At line 369 in file Source\startup_LPC17xx.s

Stack_Size 00000200

Symbol: Stack_Size
   Definitions
      At line 31 in file Source\startup_LPC17xx.s
   Uses
      At line 34 in file Source\startup_LPC17xx.s
      At line 35 in file Source\startup_LPC17xx.s
      At line 368 in file Source\startup_LPC17xx.s

2 symbols



ARM Macro Assembler    Page 1 Alphabetic symbol ordering
External symbols

__main 00000000

Symbol: __main
   Definitions
      At line 135 in file Source\startup_LPC17xx.s
   Uses
      At line 136 in file Source\startup_LPC17xx.s
Comment: __main used once
__use_two_region_memory 00000000

Symbol: __use_two_region_memory
   Definitions
      At line 363 in file Source\startup_LPC17xx.s
   Uses
      None
Comment: __use_two_region_memory unused
2 symbols
402 symbols in table
